[metsso.pmli.corp/index.html]
[backblue.gif]
[fade.gif]
[index.html]
[metsso.pmli.corp/images/loginbtn.jpg]
[metsso.pmli.corp/images/forgot.jpg]
[metsso.pmli.corp/images/topbanbg.png]
[metsso.pmli.corp/Self/pmliotp/index.html]
[metsso.pmli.corp/images/loginlogo.png]
[metsso.pmli.corp/images/logo.jpg]
[metsso.pmli.corp/images/topleftimg.jpg]
[metsso.pmli.corp/images/topmidimg.jpg]
[metsso.pmli.corp/images/toprightimg.jpg]
[metsso.pmli.corp/images/loginicon.jpg]
[metsso.pmli.corp/images/botleftimg.jpg]
[metsso.pmli.corp/images/botmidimg.jpg]
[metsso.pmli.corp/images/botrightimg.jpg]
[metsso.pmli.corp/index.html]
[metsso.pmli.corp/Self/pmliotp/images/loginbtn.jpg]
[metsso.pmli.corp/Self/pmliotp/images/topbanbg.png]
[metsso.pmli.corp/Self/pmliotp/images/loginlogo.png]
[metsso.pmli.corp/Self/pmliotp/images/logo.jpg]
[metsso.pmli.corp/Self/pmliotp/images/topleftimg.jpg]
[metsso.pmli.corp/Self/pmliotp/images/topmidimg.jpg]
[metsso.pmli.corp/Self/pmliotp/images/toprightimg.jpg]
[metsso.pmli.corp/Self/pmliotp/images/loginicon.jpg]
[metsso.pmli.corp/Self/pmliotp/images/botleftimg.jpg]
[metsso.pmli.corp/Self/pmliotp/images/botmidimg.jpg]
[metsso.pmli.corp/Self/pmliotp/images/botrightimg.jpg]
[metsso.pmli.corp/Self/pmliotp/index.html]
[metsso.pmli.corp/Self/pmliotp/index.html]
